📊 2026-03-03 记忆:188 技能:30
📊 2026-03-04 记忆:193 技能:34
📊 2026-03-05 记忆:203 技能:39
📊 2026-03-06 记忆:209 技能:40
📊 2026-03-07 记忆:226 技能:40
📊 2026-03-08 记忆:252 技能:41
📊 2026-03-09 记忆:278 技能:43
📊 2026-03-11 记忆:289 技能:45
📊 2026-03-12 记忆:303 技能:45
📊 2026-03-13 记忆:318 技能:45
📊 2026-03-15 记忆:338 技能:45
📊 2026-03-18 记忆:369 技能:45
📊 2026-03-19 记忆:377 技能:46
📊 2026-03-20 记忆:380 技能:46
📊 2026-03-21 记忆:383 技能:46
📊 2026-03-22 记忆:390 技能:47
[2026-07-12 22:46:34] ⚠️ 今天文章: 2 篇（应 3 篇）
[2026-07-12 22:46:34] ✅ 心跳正常 | 磁盘 89% | 文章 2 篇 | 错误 1 个
[2026-07-21 10:15:35] ⚠️ 磁盘空间 91%
[2026-07-21 10:15:35] ✅ 心跳正常 | 磁盘 91% | 文章 6 篇 | 错误 2 个
[2026-07-21 10:46:55] ⚠️ 磁盘空间 91%
[2026-07-21 10:46:55] ✅ 心跳正常 | 磁盘 91% | 文章 6 篇 | 错误 2 个
[2026-07-21 13:17:31] ⚠️ 磁盘空间 91%
[2026-07-21 13:17:31] ✅ 心跳正常 | 磁盘 91% | 文章 7 篇 | 错误 2 个
[2026-07-21 13:47:22] ⚠️ 磁盘空间 91%
[2026-07-21 13:47:22] ✅ 心跳正常 | 磁盘 91% | 文章 7 篇 | 错误 2 个
[2026-07-29 23:21:03] 磁盘使用率: 92% (34G/40G, 可用 3.3G)
