⚡ [2026-03-31 23:04:39] 心跳守护进程启动
⚡ [23:04] 心跳检查
✅ Gateway
✅ WebUI (HTTP 200)
✅ 磁盘：74%
✅ 进程：5
✅ 完成
HEARTBEAT_OK
⚡ [23:34] 心跳检查
✅ Gateway
✅ WebUI (HTTP 200)
✅ 磁盘：74%
✅ 进程：5
✅ 完成
HEARTBEAT_OK
⚡ [00:04] 心跳检查
✅ Gateway
✅ WebUI (HTTP 200)
✅ 磁盘：74%
✅ 进程：5
📝 创建今日记忆文件
✅ 完成
HEARTBEAT_OK
⚡ [00:34] 心跳检查
✅ Gateway
✅ WebUI (HTTP 200)
✅ 磁盘：74%
✅ 进程：5
✅ 完成
HEARTBEAT_OK
⚡ [01:04] 心跳检查
✅ Gateway
✅ WebUI (HTTP 200)
✅ 磁盘：74%
✅ 进程：5
✅ 完成
HEARTBEAT_OK
⚡ [01:34] 心跳检查
✅ Gateway
✅ WebUI (HTTP 200)
✅ 磁盘：74%
✅ 进程：5
✅ 完成
HEARTBEAT_OK
⚡ [02:04] 心跳检查
✅ Gateway
✅ WebUI (HTTP 200)
✅ 磁盘：74%
✅ 进程：5
✅ 完成
HEARTBEAT_OK
⚡ [02:34] 心跳检查
✅ Gateway
✅ WebUI (HTTP 200)
✅ 磁盘：74%
✅ 进程：5
✅ 完成
HEARTBEAT_OK
⚡ [03:04] 心跳检查
✅ Gateway
✅ WebUI (HTTP 200)
✅ 磁盘：74%
✅ 进程：5
✅ 完成
HEARTBEAT_OK
⚡ [03:34] 心跳检查
✅ Gateway
✅ WebUI (HTTP 200)
✅ 磁盘：74%
✅ 进程：5
✅ 完成
HEARTBEAT_OK
⚡ [04:04] 心跳检查
✅ Gateway
✅ WebUI (HTTP 200)
✅ 磁盘：74%
✅ 进程：5
✅ 完成
HEARTBEAT_OK
⚡ [04:34] 心跳检查
✅ Gateway
✅ WebUI (HTTP 200)
✅ 磁盘：74%
✅ 进程：5
✅ 完成
HEARTBEAT_OK
⚡ [05:04] 心跳检查
✅ Gateway
✅ WebUI (HTTP 200)
✅ 磁盘：74%
✅ 进程：5
✅ 完成
HEARTBEAT_OK
⚡ [05:34] 心跳检查
✅ Gateway
✅ WebUI (HTTP 200)
✅ 磁盘：74%
✅ 进程：5
✅ 完成
HEARTBEAT_OK
⚡ [06:04] 心跳检查
✅ Gateway
✅ WebUI (HTTP 200)
✅ 磁盘：74%
✅ 进程：5
✅ 完成
HEARTBEAT_OK
⚡ [06:34] 心跳检查
✅ Gateway
✅ WebUI (HTTP 200)
✅ 磁盘：74%
✅ 进程：5
✅ 完成
HEARTBEAT_OK
⚡ [07:04] 心跳检查
✅ Gateway
✅ WebUI (HTTP 200)
✅ 磁盘：74%
✅ 进程：5
✅ 完成
HEARTBEAT_OK
⚡ [07:34] 心跳检查
✅ Gateway
✅ WebUI (HTTP 200)
✅ 磁盘：74%
✅ 进程：5
✅ 完成
HEARTBEAT_OK
⚡ [08:04] 心跳检查
✅ Gateway
✅ WebUI (HTTP 200)
✅ 磁盘：74%
✅ 进程：5
✅ 完成
HEARTBEAT_OK
⚡ [08:34] 心跳检查
✅ Gateway
✅ WebUI (HTTP 200)
✅ 磁盘：74%
✅ 进程：5
✅ 完成
HEARTBEAT_OK
⚡ [09:04] 心跳检查
✅ Gateway
✅ WebUI (HTTP 200)
✅ 磁盘：74%
✅ 进程：5
✅ 完成
HEARTBEAT_OK
⚡ [09:34] 心跳检查
✅ Gateway
✅ WebUI (HTTP 200)
✅ 磁盘：74%
✅ 进程：5
✅ 完成
HEARTBEAT_OK
⚡ [10:04] 心跳检查
✅ Gateway
✅ WebUI (HTTP 200)
✅ 磁盘：74%
✅ 进程：5
✅ 完成
HEARTBEAT_OK
⚡ [10:34] 心跳检查
✅ Gateway
✅ WebUI (HTTP 200)
✅ 磁盘：74%
✅ 进程：5
✅ 完成
HEARTBEAT_OK
⚡ [11:04] 心跳检查
✅ Gateway
✅ WebUI (HTTP 200)
✅ 磁盘：74%
✅ 进程：5
✅ 完成
HEARTBEAT_OK
⚡ [11:34] 心跳检查
✅ Gateway
✅ WebUI (HTTP 200)
✅ 磁盘：74%
✅ 进程：5
✅ 完成
HEARTBEAT_OK
⚡ [12:04] 心跳检查
✅ Gateway
✅ WebUI (HTTP 200)
✅ 磁盘：74%
✅ 进程：5
✅ 完成
HEARTBEAT_OK
⚡ [12:34] 心跳检查
✅ Gateway
✅ WebUI (HTTP 200)
✅ 磁盘：74%
✅ 进程：5
✅ 完成
HEARTBEAT_OK
⚡ [13:04] 心跳检查
✅ Gateway
✅ WebUI (HTTP 200)
✅ 磁盘：74%
✅ 进程：5
✅ 完成
HEARTBEAT_OK
⚡ [13:34] 心跳检查
✅ Gateway
✅ WebUI (HTTP 200)
✅ 磁盘：74%
✅ 进程：5
✅ 完成
HEARTBEAT_OK
⚡ [14:04] 心跳检查
✅ Gateway
✅ WebUI (HTTP 200)
✅ 磁盘：74%
✅ 进程：5
✅ 完成
HEARTBEAT_OK
⚡ [14:34] 心跳检查
✅ Gateway
✅ WebUI (HTTP 200)
✅ 磁盘：74%
✅ 进程：5
✅ 完成
HEARTBEAT_OK
⚡ [15:04] 心跳检查
✅ Gateway
✅ WebUI (HTTP 200)
✅ 磁盘：74%
✅ 进程：5
✅ 完成
HEARTBEAT_OK
⚡ [15:34] 心跳检查
✅ Gateway
✅ WebUI (HTTP 200)
✅ 磁盘：74%
✅ 进程：5
✅ 完成
HEARTBEAT_OK
⚡ [16:04] 心跳检查
✅ Gateway
✅ WebUI (HTTP 200)
✅ 磁盘：74%
✅ 进程：5
✅ 完成
HEARTBEAT_OK
⚡ [16:34] 心跳检查
✅ Gateway
✅ WebUI (HTTP 200)
✅ 磁盘：74%
✅ 进程：5
✅ 完成
HEARTBEAT_OK
⚡ [17:04] 心跳检查
✅ Gateway
✅ WebUI (HTTP 200)
✅ 磁盘：74%
✅ 进程：5
✅ 完成
HEARTBEAT_OK
⚡ [17:34] 心跳检查
✅ Gateway
✅ WebUI (HTTP 200)
✅ 磁盘：74%
✅ 进程：5
✅ 完成
HEARTBEAT_OK
⚡ [18:04] 心跳检查
✅ Gateway
✅ WebUI (HTTP 200)
✅ 磁盘：74%
✅ 进程：5
✅ 完成
HEARTBEAT_OK
⚡ [18:34] 心跳检查
✅ Gateway
✅ WebUI (HTTP 200)
✅ 磁盘：74%
✅ 进程：5
✅ 完成
HEARTBEAT_OK
⚡ [19:04] 心跳检查
✅ Gateway
✅ WebUI (HTTP 200)
✅ 磁盘：74%
✅ 进程：5
✅ 完成
HEARTBEAT_OK
⚡ [19:34] 心跳检查
✅ Gateway
✅ WebUI (HTTP 200)
✅ 磁盘：74%
✅ 进程：5
✅ 完成
HEARTBEAT_OK
⚡ [20:04] 心跳检查
✅ Gateway
✅ WebUI (HTTP 200)
✅ 磁盘：74%
✅ 进程：5
✅ 完成
HEARTBEAT_OK
⚡ [20:34] 心跳检查
✅ Gateway
✅ WebUI (HTTP 200)
✅ 磁盘：74%
✅ 进程：5
✅ 完成
HEARTBEAT_OK
⚡ [21:04] 心跳检查
✅ Gateway
✅ WebUI (HTTP 200)
✅ 磁盘：74%
✅ 进程：5
✅ 完成
HEARTBEAT_OK
⚡ [21:34] 心跳检查
✅ Gateway
✅ WebUI (HTTP 200)
✅ 磁盘：74%
✅ 进程：5
✅ 完成
HEARTBEAT_OK
⚡ [22:04] 心跳检查
✅ Gateway
✅ WebUI (HTTP 200)
✅ 磁盘：74%
✅ 进程：5
✅ 完成
HEARTBEAT_OK
⚡ [22:34] 心跳检查
✅ Gateway
✅ WebUI (HTTP 200)
✅ 磁盘：74%
✅ 进程：5
✅ 完成
HEARTBEAT_OK
⚡ [23:04] 心跳检查
✅ Gateway
✅ WebUI (HTTP 200)
✅ 磁盘：74%
✅ 进程：5
✅ 完成
HEARTBEAT_OK
⚡ [23:34] 心跳检查
✅ Gateway
✅ WebUI (HTTP 200)
✅ 磁盘：74%
✅ 进程：5
✅ 完成
HEARTBEAT_OK
⚡ [00:04] 心跳检查
✅ Gateway
✅ WebUI (HTTP 200)
✅ 磁盘：74%
✅ 进程：5
📝 创建今日记忆文件
✅ 完成
HEARTBEAT_OK
⚡ [00:34] 心跳检查
✅ Gateway
✅ WebUI (HTTP 200)
✅ 磁盘：74%
✅ 进程：5
✅ 完成
HEARTBEAT_OK
⚡ [01:04] 心跳检查
✅ Gateway
✅ WebUI (HTTP 200)
✅ 磁盘：74%
✅ 进程：5
✅ 完成
HEARTBEAT_OK
⚡ [01:34] 心跳检查
✅ Gateway
✅ WebUI (HTTP 200)
✅ 磁盘：74%
✅ 进程：5
✅ 完成
HEARTBEAT_OK
⚡ [02:04] 心跳检查
✅ Gateway
✅ WebUI (HTTP 200)
✅ 磁盘：74%
✅ 进程：5
✅ 完成
HEARTBEAT_OK
⚡ [02:34] 心跳检查
✅ Gateway
✅ WebUI (HTTP 200)
✅ 磁盘：74%
✅ 进程：5
✅ 完成
HEARTBEAT_OK
⚡ [03:04] 心跳检查
✅ Gateway
✅ WebUI (HTTP 200)
✅ 磁盘：74%
✅ 进程：5
✅ 完成
HEARTBEAT_OK
⚡ [03:34] 心跳检查
✅ Gateway
✅ WebUI (HTTP 200)
✅ 磁盘：74%
✅ 进程：5
✅ 完成
HEARTBEAT_OK
⚡ [04:04] 心跳检查
✅ Gateway
✅ WebUI (HTTP 200)
✅ 磁盘：74%
✅ 进程：5
✅ 完成
HEARTBEAT_OK
⚡ [04:34] 心跳检查
✅ Gateway
✅ WebUI (HTTP 200)
✅ 磁盘：74%
✅ 进程：5
✅ 完成
HEARTBEAT_OK
⚡ [05:04] 心跳检查
✅ Gateway
✅ WebUI (HTTP 200)
✅ 磁盘：74%
✅ 进程：5
✅ 完成
HEARTBEAT_OK
⚡ [05:34] 心跳检查
✅ Gateway
✅ WebUI (HTTP 200)
✅ 磁盘：74%
✅ 进程：5
✅ 完成
HEARTBEAT_OK
⚡ [06:04] 心跳检查
✅ Gateway
✅ WebUI (HTTP 200)
✅ 磁盘：74%
✅ 进程：5
✅ 完成
HEARTBEAT_OK
⚡ [06:34] 心跳检查
✅ Gateway
✅ WebUI (HTTP 200)
✅ 磁盘：74%
✅ 进程：5
✅ 完成
HEARTBEAT_OK
⚡ [07:04] 心跳检查
✅ Gateway
✅ WebUI (HTTP 200)
✅ 磁盘：74%
✅ 进程：5
✅ 完成
HEARTBEAT_OK
⚡ [07:34] 心跳检查
✅ Gateway
✅ WebUI (HTTP 200)
✅ 磁盘：74%
✅ 进程：5
✅ 完成
HEARTBEAT_OK
⚡ [08:04] 心跳检查
✅ Gateway
✅ WebUI (HTTP 200)
✅ 磁盘：74%
✅ 进程：5
✅ 完成
HEARTBEAT_OK
⚡ [08:34] 心跳检查
✅ Gateway
✅ WebUI (HTTP 200)
✅ 磁盘：74%
✅ 进程：5
✅ 完成
HEARTBEAT_OK
⚡ [09:04] 心跳检查
✅ Gateway
✅ WebUI (HTTP 200)
✅ 磁盘：74%
✅ 进程：5
✅ 完成
HEARTBEAT_OK
⚡ [09:34] 心跳检查
✅ Gateway
✅ WebUI (HTTP 200)
✅ 磁盘：74%
✅ 进程：5
✅ 完成
HEARTBEAT_OK
⚡ [10:04] 心跳检查
✅ Gateway
✅ WebUI (HTTP 200)
✅ 磁盘：74%
✅ 进程：5
✅ 完成
HEARTBEAT_OK
⚡ [10:34] 心跳检查
✅ Gateway
✅ WebUI (HTTP 200)
✅ 磁盘：74%
✅ 进程：5
✅ 完成
HEARTBEAT_OK
⚡ [11:04] 心跳检查
✅ Gateway
✅ WebUI (HTTP 200)
✅ 磁盘：74%
✅ 进程：5
✅ 完成
HEARTBEAT_OK
⚡ [11:34] 心跳检查
✅ Gateway
✅ WebUI (HTTP 200)
✅ 磁盘：74%
✅ 进程：5
✅ 完成
HEARTBEAT_OK
⚡ [12:04] 心跳检查
✅ Gateway
✅ WebUI (HTTP 200)
✅ 磁盘：74%
✅ 进程：5
✅ 完成
HEARTBEAT_OK
⚡ [12:34] 心跳检查
✅ Gateway
✅ WebUI (HTTP 200)
✅ 磁盘：74%
✅ 进程：5
✅ 完成
HEARTBEAT_OK
⚡ [13:04] 心跳检查
✅ Gateway
✅ WebUI (HTTP 200)
✅ 磁盘：74%
✅ 进程：5
✅ 完成
HEARTBEAT_OK
⚡ [13:34] 心跳检查
✅ Gateway
✅ WebUI (HTTP 200)
✅ 磁盘：74%
✅ 进程：5
✅ 完成
HEARTBEAT_OK
⚡ [14:04] 心跳检查
✅ Gateway
✅ WebUI (HTTP 200)
✅ 磁盘：74%
✅ 进程：5
✅ 完成
HEARTBEAT_OK
⚡ [14:34] 心跳检查
✅ Gateway
✅ WebUI (HTTP 200)
✅ 磁盘：74%
✅ 进程：5
✅ 完成
HEARTBEAT_OK
⚡ [15:04] 心跳检查
✅ Gateway
✅ WebUI (HTTP 200)
✅ 磁盘：74%
✅ 进程：5
✅ 完成
HEARTBEAT_OK
⚡ [15:34] 心跳检查
✅ Gateway
✅ WebUI (HTTP 200)
✅ 磁盘：74%
✅ 进程：5
✅ 完成
HEARTBEAT_OK
⚡ [16:04] 心跳检查
✅ Gateway
✅ WebUI (HTTP 200)
✅ 磁盘：74%
✅ 进程：5
✅ 完成
HEARTBEAT_OK
⚡ [16:34] 心跳检查
✅ Gateway
✅ WebUI (HTTP 200)
✅ 磁盘：74%
✅ 进程：5
✅ 完成
HEARTBEAT_OK
⚡ [17:04] 心跳检查
✅ Gateway
✅ WebUI (HTTP 200)
✅ 磁盘：74%
✅ 进程：5
✅ 完成
HEARTBEAT_OK
⚡ [17:34] 心跳检查
✅ Gateway
✅ WebUI (HTTP 200)
✅ 磁盘：74%
✅ 进程：5
✅ 完成
HEARTBEAT_OK
⚡ [18:04] 心跳检查
✅ Gateway
✅ WebUI (HTTP 200)
✅ 磁盘：74%
✅ 进程：5
✅ 完成
HEARTBEAT_OK
⚡ [18:34] 心跳检查
✅ Gateway
✅ WebUI (HTTP 200)
✅ 磁盘：74%
✅ 进程：5
✅ 完成
HEARTBEAT_OK
⚡ [19:04] 心跳检查
✅ Gateway
✅ WebUI (HTTP 200)
✅ 磁盘：74%
✅ 进程：5
✅ 完成
HEARTBEAT_OK
⚡ [19:34] 心跳检查
✅ Gateway
✅ WebUI (HTTP 200)
✅ 磁盘：74%
✅ 进程：5
✅ 完成
HEARTBEAT_OK
⚡ [20:04] 心跳检查
✅ Gateway
✅ WebUI (HTTP 200)
✅ 磁盘：74%
✅ 进程：5
✅ 完成
HEARTBEAT_OK
⚡ [20:34] 心跳检查
✅ Gateway
✅ WebUI (HTTP 200)
✅ 磁盘：74%
✅ 进程：5
✅ 完成
HEARTBEAT_OK
⚡ [21:04] 心跳检查
✅ Gateway
✅ WebUI (HTTP 200)
✅ 磁盘：74%
✅ 进程：5
✅ 完成
HEARTBEAT_OK
⚡ [21:34] 心跳检查
✅ Gateway
✅ WebUI (HTTP 200)
✅ 磁盘：74%
✅ 进程：5
✅ 完成
HEARTBEAT_OK
⚡ [22:04] 心跳检查
✅ Gateway
✅ WebUI (HTTP 200)
✅ 磁盘：74%
✅ 进程：5
✅ 完成
HEARTBEAT_OK
⚡ [22:34] 心跳检查
✅ Gateway
✅ WebUI (HTTP 200)
✅ 磁盘：74%
✅ 进程：5
✅ 完成
HEARTBEAT_OK
⚡ [23:04] 心跳检查
✅ Gateway
✅ WebUI (HTTP 200)
✅ 磁盘：74%
✅ 进程：5
✅ 完成
HEARTBEAT_OK
⚡ [23:34] 心跳检查
✅ Gateway
✅ WebUI (HTTP 200)
✅ 磁盘：74%
✅ 进程：5
✅ 完成
HEARTBEAT_OK
⚡ [00:04] 心跳检查
✅ Gateway
✅ WebUI (HTTP 200)
✅ 磁盘：74%
✅ 进程：5
📝 创建今日记忆文件
✅ 完成
HEARTBEAT_OK
⚡ [00:34] 心跳检查
✅ Gateway
✅ WebUI (HTTP 200)
✅ 磁盘：74%
✅ 进程：5
✅ 完成
HEARTBEAT_OK
⚡ [01:04] 心跳检查
✅ Gateway
✅ WebUI (HTTP 200)
✅ 磁盘：74%
✅ 进程：5
✅ 完成
HEARTBEAT_OK
⚡ [01:34] 心跳检查
✅ Gateway
✅ WebUI (HTTP 200)
✅ 磁盘：76%
✅ 进程：5
✅ 完成
HEARTBEAT_OK
⚡ [02:04] 心跳检查
✅ Gateway
✅ WebUI (HTTP 200)
✅ 磁盘：76%
✅ 进程：5
✅ 完成
HEARTBEAT_OK
⚡ [02:34] 心跳检查
✅ Gateway
✅ WebUI (HTTP 200)
✅ 磁盘：76%
✅ 进程：5
✅ 完成
HEARTBEAT_OK
[2026-07-28 05:56:13] 心跳检查: Gateway OK, WebUI OK, 磁盘 92% (3.4G 剩余)
[2026-07-31 17:21:00] ⚠️ 严重异常警告
- 磁盘使用率: 92% (34G/40G, 3.3G 可用)
- 博客无新文章: 12 天 (最新: 2026-07-19)
- Cron 任务失败: 13 个 (错误率 ~54%)
- 所有文章生成任务失败

需要立即行动:
1. 检查 Cron 任务日志，定位失败原因
2. 手动测试文章生成流程
3. 清理磁盘空间（92% 使用率）
4. 排查 AIHOT 素材抓取问题

🦞 系统瘫痪 12 天，等待修复指令。
[2026-07-31 23:38:23] ⚠️ 系统异常持续: 博客12天无新文章, 19个Cron任务失败(错误率79%), 磁盘92%
[2026-08-01 00:38:36] ⚠️ 系统异常持续: 博客13天无新文章, 19个Cron任务失败(错误率79%), 磁盘92%
[2026-08-01 01:08:49] ⚠️ 严重异常: 博客13天无新文章, 20个Cron任务失败(错误率83%), 磁盘92%
[2026-08-01 01:38:24] ⚠️ 严重异常持续: 博客13天无新文章, 20个Cron任务失败(错误率83%), 磁盘92%
[2026-08-01 02:21:08] ⚠️ 严重异常持续: 博客13天无新文章, 20个Cron任务失败(错误率83%), 磁盘92%
